[virtual=0.00s] 进入成功，现实剩余时间 1200.0 秒
[virtual=0.00s] 扫描第 1/4 个检测点 (0.0, 0.0)
[virtual=23.00s] 频道 4 检测到信号，观测数=1
[virtual=29.00s] 频道 5 检测到信号，观测数=1
[virtual=35.00s] 频道 6 检测到信号，观测数=1
[virtual=41.00s] 频道 7 检测到信号，观测数=1
[virtual=47.00s] 频道 8 检测到信号，观测数=1
[virtual=65.00s] 频道 11 检测到信号，观测数=1
[virtual=107.00s] 频道 18 检测到信号，观测数=1
[virtual=113.00s] 频道 19 检测到信号，观测数=1
[virtual=119.00s] 频道 20 检测到信号，观测数=1
[virtual=119.00s] 扫描第 2/4 个检测点 (1200.0, 0.0)
[virtual=365.00s] 频道 1 检测到信号，观测数=1
[virtual=377.00s] 频道 3 检测到信号，观测数=1
[virtual=383.00s] 频道 4 检测到信号，观测数=2
[virtual=389.00s] 频道 5 检测到信号，观测数=2
[virtual=401.00s] 频道 7 检测到信号，观测数=2
[virtual=407.00s] 频道 8 检测到信号，观测数=2
[virtual=479.00s] 频道 20 检测到信号，观测数=2
[virtual=479.00s] 扫描第 3/4 个检测点 (-600.0, 1039.2304845413264)
[virtual=960.69s] 频道 11 检测到信号，观测数=2
[virtual=966.69s] 频道 12 检测到信号，观测数=1
[virtual=1002.69s] 频道 18 检测到信号，观测数=2
[virtual=1008.69s] 频道 19 检测到信号，观测数=2
[virtual=1014.69s] 扫描第 4/4 个检测点 (-600.0, -1039.2304845413264)
[virtual=1466.38s] 频道 6 检测到信号，观测数=2
[virtual=1472.38s] 频道 7 检测到信号，观测数=3
[virtual=1484.38s] 频道 9 检测到信号，观测数=1
[virtual=1550.38s] 初始扫描完成，候选频道：[1, 3, 4, 5, 6, 7, 8, 9, 11, 12, 18, 19, 20]
[virtual=1966.36s] 频道 1 第二检测点结果：direction
[virtual=1966.36s] 频道 1 定位到 (1096.2, -709.3)，区域直径约 33.8 米
[virtual=1985.14s] 频道 3 第二检测点结果：direction
[virtual=1985.14s] 频道 3 定位到 (963.6, -962.3)，区域直径约 83.4 米
[virtual=1985.14s] 频道 4 定位到 (609.1, 20.9)，区域直径约 543.1 米
[virtual=1985.14s] 频道 5 定位到 (895.9, 156.6)，区域直径约 70.0 米
[virtual=1985.14s] 频道 6 定位到 (231.2, -988.4)，区域直径约 51.1 米
[virtual=1985.14s] 频道 7 定位到 (611.6, -875.8)，区域直径约 58.9 米
[virtual=1985.14s] 频道 8 定位到 (1079.7, 204.1)，区域直径约 44.7 米
[virtual=2257.11s] 频道 9 第二检测点结果：direction
[virtual=2257.11s] 频道 9 定位到 (-496.3, -1087.9)，区域直径约 45.4 米
[virtual=2257.11s] 频道 11 定位到 (107.6, 373.4)，区域直径约 47.3 米
[virtual=2776.82s] 频道 12 第二检测点结果：direction
[virtual=2776.82s] 频道 12 定位到 (-440.9, 1101.3)，区域直径约 41.4 米
[virtual=2776.82s] 频道 18 定位到 (-329.3, 871.3)，区域直径约 69.6 米
[virtual=2776.82s] 频道 19 定位到 (504.9, 1096.7)，区域直径约 79.7 米
[virtual=2776.82s] 频道 20 定位到 (1116.3, -88.2)，区域直径约 54.5 米
[virtual=2776.82s] 开始巡游清除频道 1
[virtual=3295.48s] 频道 1 清除成功，累计 1 个
[virtual=3295.48s] 开始巡游清除频道 12
[virtual=3775.49s] 频道 12 清除成功，累计 2 个
[virtual=3775.49s] 开始巡游清除频道 8
[virtual=4133.61s] 频道 8 清除成功，累计 3 个
[virtual=4133.61s] 开始巡游清除频道 9
[virtual=4546.18s] 频道 9 清除成功，累计 4 个
[virtual=4546.18s] 开始巡游清除频道 11
[virtual=4867.40s] 频道 11 清除成功，累计 5 个
[virtual=4867.40s] 开始巡游清除频道 6
[virtual=5145.89s] 频道 6 清除成功，累计 6 个
[virtual=5145.89s] 开始巡游清除频道 20
[virtual=5401.39s] 频道 20 清除落空
[virtual=5426.29s] 频道 20 清除成功，累计 7 个
[virtual=5426.29s] 开始巡游清除频道 7
[virtual=5623.04s] 频道 7 清除成功，累计 8 个
[virtual=5623.04s] 开始巡游清除频道 18
[virtual=6022.90s] 频道 18 清除落空
[virtual=6053.62s] 频道 18 清除成功，累计 9 个
[virtual=6053.62s] 开始巡游清除频道 5
[virtual=6346.65s] 频道 5 清除成功，累计 10 个
[virtual=6346.65s] 开始巡游清除频道 19
[virtual=6555.29s] 频道 19 清除成功，累计 11 个
[virtual=6555.29s] 开始巡游清除频道 3
[virtual=6982.20s] 频道 3 清除成功，累计 12 个
[virtual=6982.20s] 开始巡游清除频道 4
[virtual=7194.23s] 频道 4 清除落空
[virtual=7214.77s] 频道 4 清除成功，累计 13 个
[virtual=7214.77s] 主动退出测试